******************************************************************************
                  TI ARM Linker PC v20.2.7                     
******************************************************************************
>> Linked Thu Feb  1 00:12:14 2024

OUTPUT FILE NAME:   <Labs.out>
ENTRY POINT SYMBOL: "_c_int00_noargs"  address: 00000df5


MEMORY CONFIGURATION

         name            origin    length      used     unused   attr    fill
----------------------  --------  ---------  --------  --------  ----  --------
  FLASH                 00000000   00040000  0000103e  0003efc2  R  X
  SRAM                  20000000   00008000  00000274  00007d8c  RW X


SEGMENT ALLOCATION MAP

run origin  load origin   length   init length attrs members
----------  ----------- ---------- ----------- ----- -------
00000000    00000000    00001040   00001040    r-x
  00000000    00000000    0000026c   0000026c    r-- .intvecs
  0000026c    0000026c    00000c96   00000c96    r-x .text
  00000f04    00000f04    000000fc   000000fc    r-- .const
  00001000    00001000    00000040   00000040    r-- .cinit
20000000    20000000    00000274   00000000    rw-
  20000000    20000000    00000200   00000000    rw- .stack
  20000200    20000200    00000074   00000000    rw- .data


SECTION ALLOCATION MAP

 output                                  attributes/
section   page    origin      length       input sections
--------  ----  ----------  ----------   ----------------
.intvecs   0    00000000    0000026c     
                  00000000    0000026c     tm4c123gh6pm_startup_ccs.obj (.intvecs)

.text      0    0000026c    00000c96     
                  0000026c    0000030c     UART.obj (.text)
                  00000578    000001ec     Pin.obj (.text)
                  00000764    0000016c     driverlib.lib : gpio.obj (.text:GPIOPadConfigSet)
                  000008d0    00000118                   : sysctl.obj (.text:SysCtlClockGet)
                  000009e8    000000f4                   : sysctl.obj (.text:SysCtlClockSet)
                  00000adc    000000d0     Blink.obj (.text)
                  00000bac    0000009c     rtsv7M4_T_le_v4SPD16_eabi.lib : memcpy_t2.asm.obj (.text)
                  00000c48    00000068                                   : copy_decompress_lzss.c.obj (.text:decompress:lzss:__TI_decompress_lzss)
                  00000cb0    0000004c     driverlib.lib : gpio.obj (.text:GPIOPinConfigure)
                  00000cfc    00000046                   : uart.obj (.text:UARTConfigSetExpClk)
                  00000d42    00000002     --HOLE-- [fill = 0]
                  00000d44    00000044     rtsv7M4_T_le_v4SPD16_eabi.lib : autoinit.c.obj (.text:__TI_auto_init_nobinit_nopinit:__TI_auto_init_nobinit_nopinit)
                  00000d88    00000038     driverlib.lib : sysctl.obj (.text:SysCtlPeripheralReady)
                  00000dc0    00000034                   : sysctl.obj (.text:SysCtlPeripheralEnable)
                  00000df4    00000034     rtsv7M4_T_le_v4SPD16_eabi.lib : boot_cortex_m.c.obj (.text:_c_int00_noargs:_c_int00_noargs)
                  00000e28    0000002c     driverlib.lib : gpio.obj (.text:GPIODirModeSet)
                  00000e54    00000020                   : uart.obj (.text:UARTDisable)
                  00000e74    0000001c                   : sysctl.obj (.text:SysCtlGPIOAHBEnable)
                  00000e90    00000016                   : gpio.obj (.text:GPIOPinTypeUART)
                  00000ea6    00000014                   : uart.obj (.text:UARTEnable)
                  00000eba    0000000e     rtsv7M4_T_le_v4SPD16_eabi.lib : copy_decompress_none.c.obj (.text:decompress:none:__TI_decompress_none)
                  00000ec8    0000000c     tm4c123gh6pm_startup_ccs.obj (.text)
                  00000ed4    0000000a     driverlib.lib : uart.obj (.text:UARTCharGet)
                  00000ede    0000000a                   : uart.obj (.text:UARTCharPut)
                  00000ee8    00000006                   : gpio.obj (.text:GPIOPinRead)
                  00000eee    00000006                   : gpio.obj (.text:GPIOPinWrite)
                  00000ef4    00000006                   : sysctl.obj (.text:SysCtlDelay)
                  00000efa    00000004     rtsv7M4_T_le_v4SPD16_eabi.lib : pre_init.c.obj (.text:_system_pre_init)
                  00000efe    00000004                                   : exit.c.obj (.text:abort:abort)

.const     0    00000f04    000000fc     
                  00000f04    00000090     driverlib.lib : gpio.obj (.const:g_pui32GPIOBaseAddrs)
                  00000f94    0000006c                   : sysctl.obj (.const:g_pui32Xtals)

.cinit     0    00001000    00000040     
                  00001000    0000002e     (.cinit..data.load) [load image, compression = lzss]
                  0000102e    00000002     --HOLE-- [fill = 0]
                  00001030    00000008     (__TI_handler_table)
                  00001038    00000008     (__TI_cinit_table)

.init_array 
*          0    00000000    00000000     UNINITIALIZED

.data      0    20000200    00000074     UNINITIALIZED
                  20000200    00000020     Blink.obj (.data:blueLed)
                  20000220    00000020     Blink.obj (.data:greenLed)
                  20000240    00000020     Blink.obj (.data:redLed)
                  20000260    00000014     Blink.obj (.data:UART_)

.stack     0    20000000    00000200     UNINITIALIZED
                  20000000    00000004     rtsv7M4_T_le_v4SPD16_eabi.lib : boot_cortex_m.c.obj (.stack)
                  20000004    000001fc     --HOLE--

__llvm_prf_cnts 
*          0    20000000    00000000     UNINITIALIZED

MODULE SUMMARY

       Module                         code   ro data   rw data
       ------                         ----   -------   -------
    .\
       UART.obj                       780    0         0      
       tm4c123gh6pm_startup_ccs.obj   12     620       0      
       Pin.obj                        492    0         0      
       Blink.obj                      208    0         116    
    +--+------------------------------+------+---------+---------+
       Total:                         1492   620       116    
                                                              
    C:/ti/TivaWare_C_Series-2.2.0.295/driverlib/ccs/Debug/driverlib.lib
       sysctl.obj                     666    108       0      
       gpio.obj                       518    144       0      
       uart.obj                       142    0         0      
    +--+------------------------------+------+---------+---------+
       Total:                         1326   252       0      
                                                              
    C:\ti\ccs1250\ccs\tools\compiler\ti-cgt-arm_20.2.7.LTS\lib\rtsv7M4_T_le_v4SPD16_eabi.lib
       memcpy_t2.asm.obj              156    0         0      
       copy_decompress_lzss.c.obj     104    0         0      
       autoinit.c.obj                 68     0         0      
       boot_cortex_m.c.obj            52     0         0      
       copy_decompress_none.c.obj     14     0         0      
       exit.c.obj                     4      0         0      
       pre_init.c.obj                 4      0         0      
    +--+------------------------------+------+---------+---------+
       Total:                         402    0         0      
                                                              
       Stack:                         0      0         512    
       Linker Generated:              0      62        0      
    +--+------------------------------+------+---------+---------+
       Grand Total:                   3220   934       628    


LINKER GENERATED COPY TABLES

__TI_cinit_table @ 00001038 records: 1, size/record: 8, table size: 8
	.data: load addr=00001000, load size=0000002e bytes, run addr=20000200, run size=00000074 bytes, compression=lzss


LINKER GENERATED HANDLER TABLE

__TI_handler_table @ 00001030 records: 2, size/record: 4, table size: 8
	index: 0, handler: __TI_decompress_lzss
	index: 1, handler: __TI_decompress_none


GLOBAL SYMBOLS: SORTED ALPHABETICALLY BY Name 

address   name                          
-------   ----                          
00000eff  C$$EXIT                       
00000e29  GPIODirModeSet                
00000765  GPIOPadConfigSet              
00000cb1  GPIOPinConfigure              
00000ee9  GPIOPinRead                   
00000e91  GPIOPinTypeUART               
00000eef  GPIOPinWrite                  
00000579  Pin_Init                      
000006a1  Pin_Read_Value                
000006e9  Pin_Toggle                    
0000063b  Pin_Write                     
00000ec9  ResetISR                      
000008d1  SysCtlClockGet                
000009e9  SysCtlClockSet                
00000ef5  SysCtlDelay                   
00000e75  SysCtlGPIOAHBEnable           
00000dc1  SysCtlPeripheralEnable        
00000d89  SysCtlPeripheralReady         
00000ed5  UARTCharGet                   
00000edf  UARTCharPut                   
00000cfd  UARTConfigSetExpClk           
00000e55  UARTDisable                   
00000ea7  UARTEnable                    
20000260  UART_                         
0000026d  UART_Init                     
000004bb  UART_ReceiveChar              
0000044f  UART_SendChar                 
00000481  UART_SendString               
20000200  __STACK_END                   
00000200  __STACK_SIZE                  
20000200  __STACK_TOP                   
00001038  __TI_CINIT_Base               
00001040  __TI_CINIT_Limit              
00001030  __TI_Handler_Table_Base       
00001038  __TI_Handler_Table_Limit      
00000d45  __TI_auto_init_nobinit_nopinit
00000c49  __TI_decompress_lzss          
00000ebb  __TI_decompress_none          
ffffffff  __TI_pprof_out_hndl           
ffffffff  __TI_prof_data_size           
ffffffff  __TI_prof_data_start          
00000000  __TI_static_base__            
00000bad  __aeabi_memcpy                
00000bad  __aeabi_memcpy4               
00000bad  __aeabi_memcpy8               
ffffffff  __binit__                     
ffffffff  __c_args__                    
UNDEFED   __mpu_init                    
20000000  __stack                       
20000000  __start___llvm_prf_cnts       
20000000  __stop___llvm_prf_cnts        
00000df5  _c_int00_noargs               
UNDEFED   _system_post_cinit            
00000efb  _system_pre_init              
00000eff  abort                         
ffffffff  binit                         
20000200  blueLed                       
00000000  g_pfnVectors                  
20000220  greenLed                      
00000add  main                          
00000bad  memcpy                        
20000240  redLed                        


GLOBAL SYMBOLS: SORTED BY Symbol Address 

address   name                          
-------   ----                          
00000000  __TI_static_base__            
00000000  g_pfnVectors                  
00000200  __STACK_SIZE                  
0000026d  UART_Init                     
0000044f  UART_SendChar                 
00000481  UART_SendString               
000004bb  UART_ReceiveChar              
00000579  Pin_Init                      
0000063b  Pin_Write                     
000006a1  Pin_Read_Value                
000006e9  Pin_Toggle                    
00000765  GPIOPadConfigSet              
000008d1  SysCtlClockGet                
000009e9  SysCtlClockSet                
00000add  main                          
00000bad  __aeabi_memcpy                
00000bad  __aeabi_memcpy4               
00000bad  __aeabi_memcpy8               
00000bad  memcpy                        
00000c49  __TI_decompress_lzss          
00000cb1  GPIOPinConfigure              
00000cfd  UARTConfigSetExpClk           
00000d45  __TI_auto_init_nobinit_nopinit
00000d89  SysCtlPeripheralReady         
00000dc1  SysCtlPeripheralEnable        
00000df5  _c_int00_noargs               
00000e29  GPIODirModeSet                
00000e55  UARTDisable                   
00000e75  SysCtlGPIOAHBEnable           
00000e91  GPIOPinTypeUART               
00000ea7  UARTEnable                    
00000ebb  __TI_decompress_none          
00000ec9  ResetISR                      
00000ed5  UARTCharGet                   
00000edf  UARTCharPut                   
00000ee9  GPIOPinRead                   
00000eef  GPIOPinWrite                  
00000ef5  SysCtlDelay                   
00000efb  _system_pre_init              
00000eff  C$$EXIT                       
00000eff  abort                         
00001030  __TI_Handler_Table_Base       
00001038  __TI_CINIT_Base               
00001038  __TI_Handler_Table_Limit      
00001040  __TI_CINIT_Limit              
20000000  __stack                       
20000000  __start___llvm_prf_cnts       
20000000  __stop___llvm_prf_cnts        
20000200  __STACK_END                   
20000200  __STACK_TOP                   
20000200  blueLed                       
20000220  greenLed                      
20000240  redLed                        
20000260  UART_                         
ffffffff  __TI_pprof_out_hndl           
ffffffff  __TI_prof_data_size           
ffffffff  __TI_prof_data_start          
ffffffff  __binit__                     
ffffffff  __c_args__                    
ffffffff  binit                         
UNDEFED   __mpu_init                    
UNDEFED   _system_post_cinit            

[62 symbols]
